// Jest Snapshot v1, https://goo.gl/fbAQLP

exports[`LogViewer renders when loading 1`] = `
<div>
  <div
    class="MuiBox-root MuiBox-root-1"
    data-testid="progress"
  />
</div>
`;
